// Vitest Snapshot v1, https://vitest.dev/guide/snapshot.html

exports[`Entire Stack > match a snapshot 1`] = `
{
  "Parameters": {
    "BootstrapVersion": {
      "Default": "/cdk-bootstrap/hnb659fds/version",
      "Description": "Version of the CDK Bootstrap resources in this environment, automatically retrieved from SSM Parameter Store. [cdk:skip]",
      "Type": "AWS::SSM::Parameter::Value<String>",
    },
  },
  "Resources": {
    "RootZone831A5F27": {
      "Properties": {
        "Name": "awscommunitybuilders.org.",
      },
      "Type": "AWS::Route53::HostedZone",
    },
    "RootZoneOrganizationRole5B7BD2F8": {
      "Properties": {
        "AssumeRolePolicyDocument": {
          "Statement": [
            {
              "Action": "sts:AssumeRole",
              "Condition": {
                "StringEquals": {
                  "aws:PrincipalOrgID": "o-vumqjghgoz",
                },
              },
              "Effect": "Allow",
              "Principal": {
                "AWS": "*",
              },
            },
          ],
          "Version": "2012-10-17",
        },
        "RoleName": "HostedZoneDelegationRole",
      },
      "Type": "AWS::IAM::Role",
    },
    "RootZoneOrganizationRoleDefaultPolicyD1D7CC29": {
      "Properties": {
        "PolicyDocument": {
          "Statement": [
            {
              "Action": "route53:ChangeResourceRecordSets",
              "Condition": {
                "ForAllValues:StringEquals": {
                  "route53:ChangeResourceRecordSetsActions": [
                    "UPSERT",
                    "DELETE",
                  ],
                  "route53:ChangeResourceRecordSetsRecordTypes": [
                    "NS",
                  ],
                },
              },
              "Effect": "Allow",
              "Resource": {
                "Fn::Join": [
                  "",
                  [
                    "arn:",
                    {
                      "Ref": "AWS::Partition",
                    },
                    ":route53:::hostedzone/",
                    {
                      "Ref": "RootZone831A5F27",
                    },
                  ],
                ],
              },
            },
            {
              "Action": "route53:ListHostedZonesByName",
              "Effect": "Allow",
              "Resource": "*",
            },
          ],
          "Version": "2012-10-17",
        },
        "PolicyName": "RootZoneOrganizationRoleDefaultPolicyD1D7CC29",
        "Roles": [
          {
            "Ref": "RootZoneOrganizationRole5B7BD2F8",
          },
        ],
      },
      "Type": "AWS::IAM::Policy",
    },
  },
  "Rules": {
    "CheckBootstrapVersion": {
      "Assertions": [
        {
          "Assert": {
            "Fn::Not": [
              {
                "Fn::Contains": [
                  [
                    "1",
                    "2",
                    "3",
                    "4",
                    "5",
                  ],
                  {
                    "Ref": "BootstrapVersion",
                  },
                ],
              },
            ],
          },
          "AssertDescription": "CDK bootstrap stack version 6 required. Please run 'cdk bootstrap' with a recent version of the CDK CLI.",
        },
      ],
    },
  },
}
`;
